// Jest Snapshot v1, https://goo.gl/fbAQLP

exports[`AlertMessageBox component tests should renders AlertMessageBox 1`] = `
<div
  id="alert"
>
  <div
    class="alert alertInfo"
  >
    Alert test
    <button
      class="closeButton"
    >
      <svg
        fill="currentColor"
        height="1em"
        stroke="currentColor"
        stroke-width="0"
        viewBox="0 0 24 24"
        width="1em"
        xmlns="http://www.w3.org/2000/svg"
      >
        <path
          d="M0 0h24v24H0z"
          fill="none"
        />
        <path
          d="M19 6.41L17.59 5 12 10.59 6.41 5 5 6.41 10.59 12 5 17.59 6.41 19 12 13.41 17.59 19 19 17.59 13.41 12z"
        />
      </svg>
    </button>
  </div>
</div>
`;
