// Jest Snapshot v1, https://goo.gl/fbAQLP

exports[`Home page component tests should renders Home page 1`] = `undefined`;
