// Jest Snapshot v1, https://goo.gl/fbAQLP

exports[`LiftCard component tests should render LiftCard 1`] = `
<div>
  <div
    class="liftCard"
  >
    <h3>
      Lift test
    </h3>
    <p>
      Location : 
      0
    </p>
    <div>
      This lift goes from 
      -2
       to 
      8
    </div>
    <form
      aria-label="form"
      class="form"
    >
      <div
        class="formField"
      >
        <select
          id="sourceFloor"
          name="sourceFloor"
        >
          <option
            value="-2"
          >
            -2
          </option>
          <option
            value="-1"
          >
            -1
          </option>
          <option
            value="0"
          >
            0
          </option>
          <option
            value="1"
          >
            1
          </option>
          <option
            value="2"
          >
            2
          </option>
          <option
            value="3"
          >
            3
          </option>
          <option
            value="4"
          >
            4
          </option>
          <option
            value="5"
          >
            5
          </option>
          <option
            value="6"
          >
            6
          </option>
          <option
            value="7"
          >
            7
          </option>
          <option
            value="8"
          >
            8
          </option>
        </select>
        <svg
          fill="currentColor"
          height="1em"
          stroke="currentColor"
          stroke-width="0"
          version="1.1"
          viewBox="0 0 16 16"
          width="1em"
          xmlns="http://www.w3.org/2000/svg"
        >
          <path
            d="M9.707 13.707l5-5c0.391-0.39 0.391-1.024 0-1.414l-5-5c-0.391-0.391-1.024-0.391-1.414 0s-0.391 1.024 0 1.414l3.293 3.293h-9.586c-0.552 0-1 0.448-1 1s0.448 1 1 1h9.586l-3.293 3.293c-0.195 0.195-0.293 0.451-0.293 0.707s0.098 0.512 0.293 0.707c0.391 0.391 1.024 0.391 1.414 0z"
          />
        </svg>
        <select
          id="targetFloor"
          name="targetFloor"
        >
          <option
            value="-2"
          >
            -2
          </option>
          <option
            value="-1"
          >
            -1
          </option>
          <option
            value="0"
          >
            0
          </option>
          <option
            value="1"
          >
            1
          </option>
          <option
            value="2"
          >
            2
          </option>
          <option
            value="3"
          >
            3
          </option>
          <option
            value="4"
          >
            4
          </option>
          <option
            value="5"
          >
            5
          </option>
          <option
            value="6"
          >
            6
          </option>
          <option
            value="7"
          >
            7
          </option>
          <option
            value="8"
          >
            8
          </option>
        </select>
      </div>
      <button
        class="submitButton"
        type="submit"
      >
        Travel
      </button>
    </form>
  </div>
</div>
`;
